// Jest Snapshot v1, https://goo.gl/fbAQLP

exports[`BookDetails should render book details 1`] = `
Object {
  "asFragment": [Function],
  "baseElement": <body>
    <div>
      <section
        class="sc-eDvSVe fnPPbA"
      >
        <div
          class="sc-jSUZER kJIKHL"
        >
          <img
            alt="Picasso's War"
            class="sc-gKPRtg glIhiL"
            src="https://books.google.com/books/publisher/content/images/frontcover/undefined?fife=w480-h960"
          />
        </div>
        <div>
          <h3
            class="sc-iBYQkv jvPpqk"
          >
            Picasso's War
          </h3>
          <h5
            class="sc-ftTHYK dlrzcd"
          >
            Art / History / Modern (late 19th Century to 1945)
          </h5>
          <h5
            class="sc-pyfCe kSUTtz"
          >
            Hugh Eakin
          </h5>
          <h5
            class="sc-jrcTuL eLiLQF"
          >
            Crown
            , 
            2022-07-12
            , 
             pages
          </h5>
          <div
            class="sc-kDvujY cDehyk"
          >
            <b>
              <i>
                NEW YORK TIMES
              </i>
               EDITORS’ CHOICE • A riveting story of how dueling ambitions and the power of prodigy made America the cultural center of the world—and Picasso the most famous artist alive—in the shadow of World War II
              <br />
              <br />
              “Fascinating, eloquent, wonderfully lucid, 
              <i>
                Picasso’s War
              </i>
               will change whatever we thought we knew about modern art and its complicated reception on this side of the Atlantic.”—Francine Prose, author of 
              <i>
                The Vixen
              </i>
            </b>
          </div>
          <div
            class="sc-ipEyDJ kLdPaW"
          >
            <a
              class="sc-csuSiG BAxNQ"
              rel="noreferrer"
              target="_blank"
            >
              <button
                class="sc-bcXHqe QdSeH"
              >
                Preview
              </button>
            </a>
            <a
              class="sc-csuSiG BAxNQ"
              rel="noreferrer"
              target="_blank"
            >
              <button
                class="sc-bcXHqe QdSeH"
              >
                Info
              </button>
            </a>
          </div>
        </div>
      </section>
    </div>
  </body>,
  "container": <div>
    <section
      class="sc-eDvSVe fnPPbA"
    >
      <div
        class="sc-jSUZER kJIKHL"
      >
        <img
          alt="Picasso's War"
          class="sc-gKPRtg glIhiL"
          src="https://books.google.com/books/publisher/content/images/frontcover/undefined?fife=w480-h960"
        />
      </div>
      <div>
        <h3
          class="sc-iBYQkv jvPpqk"
        >
          Picasso's War
        </h3>
        <h5
          class="sc-ftTHYK dlrzcd"
        >
          Art / History / Modern (late 19th Century to 1945)
        </h5>
        <h5
          class="sc-pyfCe kSUTtz"
        >
          Hugh Eakin
        </h5>
        <h5
          class="sc-jrcTuL eLiLQF"
        >
          Crown
          , 
          2022-07-12
          , 
           pages
        </h5>
        <div
          class="sc-kDvujY cDehyk"
        >
          <b>
            <i>
              NEW YORK TIMES
            </i>
             EDITORS’ CHOICE • A riveting story of how dueling ambitions and the power of prodigy made America the cultural center of the world—and Picasso the most famous artist alive—in the shadow of World War II
            <br />
            <br />
            “Fascinating, eloquent, wonderfully lucid, 
            <i>
              Picasso’s War
            </i>
             will change whatever we thought we knew about modern art and its complicated reception on this side of the Atlantic.”—Francine Prose, author of 
            <i>
              The Vixen
            </i>
          </b>
        </div>
        <div
          class="sc-ipEyDJ kLdPaW"
        >
          <a
            class="sc-csuSiG BAxNQ"
            rel="noreferrer"
            target="_blank"
          >
            <button
              class="sc-bcXHqe QdSeH"
            >
              Preview
            </button>
          </a>
          <a
            class="sc-csuSiG BAxNQ"
            rel="noreferrer"
            target="_blank"
          >
            <button
              class="sc-bcXHqe QdSeH"
            >
              Info
            </button>
          </a>
        </div>
      </div>
    </section>
  </div>,
  "debug": [Function],
  "findAllByAltText": [Function],
  "findAllByDisplayValue": [Function],
  "findAllByLabelText": [Function],
  "findAllByPlaceholderText": [Function],
  "findAllByRole": [Function],
  "findAllByTestId": [Function],
  "findAllByText": [Function],
  "findAllByTitle": [Function],
  "findByAltText": [Function],
  "findByDisplayValue": [Function],
  "findByLabelText": [Function],
  "findByPlaceholderText": [Function],
  "findByRole": [Function],
  "findByTestId": [Function],
  "findByText": [Function],
  "findByTitle": [Function],
  "getAllByAltText": [Function],
  "getAllByDisplayValue": [Function],
  "getAllByLabelText": [Function],
  "getAllByPlaceholderText": [Function],
  "getAllByRole": [Function],
  "getAllByTestId": [Function],
  "getAllByText": [Function],
  "getAllByTitle": [Function],
  "getByAltText": [Function],
  "getByDisplayValue": [Function],
  "getByLabelText": [Function],
  "getByPlaceholderText": [Function],
  "getByRole": [Function],
  "getByTestId": [Function],
  "getByText": [Function],
  "getByTitle": [Function],
  "queryAllByAltText": [Function],
  "queryAllByDisplayValue": [Function],
  "queryAllByLabelText": [Function],
  "queryAllByPlaceholderText": [Function],
  "queryAllByRole": [Function],
  "queryAllByTestId": [Function],
  "queryAllByText": [Function],
  "queryAllByTitle": [Function],
  "queryByAltText": [Function],
  "queryByDisplayValue": [Function],
  "queryByLabelText": [Function],
  "queryByPlaceholderText": [Function],
  "queryByRole": [Function],
  "queryByTestId": [Function],
  "queryByText": [Function],
  "queryByTitle": [Function],
  "rerender": [Function],
  "store": Object {
    "@@observable": [Function],
    "dispatch": [Function],
    "getState": [Function],
    "replaceReducer": [Function],
    "subscribe": [Function],
  },
  "unmount": [Function],
}
`;
